1
10 = 11
1 = 12
10 = 22
11 = 33
1 = 34
10 = 44
1 = 45
10 = 55
11 = 66
1 = 67
5 = 72
6 = 78
5 = 83
